[smooth-members-796353.framer.app/index.html]
[backblue.gif]
[fade.gif]
[index.html]
[framerusercontent.com/images/EBv6ZdB1KX6CFfSHjanmaqnfPwY.png]
[framerusercontent.com/images/wOYRUJ33Rs814I6AWi89q7b8w.png]
[framerusercontent.com/images/bgHZZMvuxcNSNO0KPNthTqbFE3U.png]
[smooth-members-796353.framer.app/blueai.html]
[smooth-members-796353.framer.app/pricing.html]
[smooth-members-796353.framer.app/download.html]
[smooth-members-796353.framer.app/faq.html]
[smooth-members-796353.framer.app/contact.html]
[smooth-members-796353.framer.app/sign-in.html]
[framerusercontent.com/images/uNElvu3BP651OFvWWyiFBe9xU2Y.png]
[framerusercontent.com/images/hRZf9KrjAnTp54wfCHld0QXAwFs.png]
[framerusercontent.com/images/cnGBIhq2Fz2WKEK02h7ITozFcY.png]
[framerusercontent.com/images/YMgJysOLhE6tpzyxUUvj37ei7I.png]
[framerusercontent.com/images/xdIsSG8TXSulnA0CMVea6YY2Q.png]
[framerusercontent.com/images/lysrb9oLsW8SXarkxi4Kp9N2FM.png]
[framerusercontent.com/images/BReKbCIak9bEXt7rwgqTETXYosb940.png]
[framerusercontent.com/images/2M45wyOvWCLKWOT7B79eZkwBEcc39be.png]
[framerusercontent.com/images/tJ9jJWeRoFV5tBLNn4oI2V4a3439be.png]
[framerusercontent.com/images/kIPNJQg5vawJO99pBcVJFI964ob940.png]
[framerusercontent.com/images/E7R5ywTwoiEX584aYUllPIAiIc.png]
[framerusercontent.com/images/UyCyGWtfEvrNuwTxY5djC7X0jLY.png]
[framerusercontent.com/images/Go7DzJ76yL0JbQok0MD9o9N364.png]
[framerusercontent.com/images/SlpO2bYkVz7mQ2itpEIcxITlg7Q.png]
[framerusercontent.com/images/ZCAfKiCbYJuX6bT1gZwrmsyj4sY.png]
[framerusercontent.com/images/2lllSXdFRUqpOaGzmnvyKj7ygwE.png]
[framerusercontent.com/images/DciB88PmvkhtgmAEIw3xIl7Mq8.png]
[framerusercontent.com/images/AYGyRqO2f0sCBc6KQvFpHuWZHM.png]
[framerusercontent.com/images/8DcLU6R07j02ytdplu3kK5WZG6k.png]
[framerusercontent.com/images/D6G2YArGUXre98Qt19fY1VhlFo.png]
[framerusercontent.com/images/9DX7PUTHcXFPVTQm26WAKeFc4Dk.png]
[framerusercontent.com/images/hELArG57RbTViUWSTBMS9EQreJ8.png]
[smooth-members-796353.framer.app/types/cafe.html]
[framerusercontent.com/images/nDeSh9GjFuOANczdJFdpzidjMk.gif]
[smooth-members-796353.framer.app/types/ìí-ì£¼ì ì.21.delayed]
[framerusercontent.com/images/XstiAZZS2prVkGKShLRshJlCA.gif]
[smooth-members-796353.framer.app/types/carwash.html]
[framerusercontent.com/images/p9917GF5EDddZI66tF7vzbOx3Ps.gif]
[smooth-members-796353.framer.app/types/studycafe.html]
[framerusercontent.com/images/0FNGcl2MmIGYCl9AcnZTsvxT4.gif]
[smooth-members-796353.framer.app/types/printer.html]
[framerusercontent.com/images/3mGaXfnoAPtH8HTVFX4N3kIvFzs.gif]
[smooth-members-796353.framer.app/types/icecream.html]
[framerusercontent.com/images/E0X3IVFsbeVKm1u0IaKktqxhSE.gif]
[smooth-members-796353.framer.app/types/laundromat.html]
[framerusercontent.com/images/MouSpzkmIG5tIuQuMBtUZ7EIk.gif]
[smooth-members-796353.framer.app/types/convenience.html]
[framerusercontent.com/images/y9LFOvbfcoDCgN2NTIUjqaruSRU.gif]
[smooth-members-796353.framer.app/types/studio.html]
[framerusercontent.com/images/J0clUfPjVvRNKphlvV1de3rj2k.gif]
[smooth-members-796353.framer.app/types/ect.html]
[framerusercontent.com/images/4fFVaRa62th458VDa71q8xRg6Y.gif]
[smooth-members-796353.framer.app/console.html]
[smooth-members-796353.framer.app/changelog.html]
[smooth-members-796353.framer.app/terms-of-service.html]
[smooth-members-796353.framer.app/privacy-policy.html]
[smooth-members-796353.framer.app/vision-policy.html]
[smooth-members-796353.framer.app/index.html]
[smooth-members-796353.framer.app/user-rights.html]
[ga.jspm.io/npm_es-module-shims@1.6.3/dist/es-module-shims.js]
[framerusercontent.com/modules/c1GxbnUVBGoiTpDqfFn4/tftaPL6b2V0f0CIQSguY/augiA20Il.js]
[framerusercontent.com/modules/ptS068ERdyPQU2D2LzYH/ZgH2eaiqt80RzYFCbvYl/aThpEIw2S.js]
[framerusercontent.com/modules/uHqwnvErlJWt01xrXV67/u8bTagVNyUrKVI7tOZtb/TtOOCEcsl.js]
[framerusercontent.com/modules/vcX42AH8YELzBfITueva/GDZckjtFC1EstDnhGgFu/yRBrys2Zr.js]
[framerusercontent.com/modules/2ihgH15sNFaVDxRjHDpL/sijHeKtBOtSYkoJedTG5/INIgPRxAT.js]
[framerusercontent.com/modules/kh8ShGQGjMX8NgRaMqXS/pdzFpUxcU4K2pZuUw4nz/uH5cpYIGI.js]
[framerusercontent.com/modules/SZove1Kloq12mJKGKYW0/KtMB4rL8l7PA1BQefkHC/B2HDIJlDa.js]
[framerusercontent.com/modules/eqfIMr18fBblk1vnUNxf/AxfP1tYnUNodJJqMZkoa/JiQOlxA5x.js]
[framerusercontent.com/modules/fXWOmV3bzPZux6fwUdbm/7hjOc5w37H1BzCfUxone/ITFLbSAsz.js]
[framerusercontent.com/modules/o21jNgWFapUPVCXFqEV4/ZpvuQ4uV7sy6Uh6v2kY9/Ec6f7RjuP.js]
[framerusercontent.com/modules/470lDdItQoYPeZHvtUSy/2S5JGDvhNXKeUz8cJ70D/pVEWR2ZZy.js]
[framerusercontent.com/modules/ayff4BRnrYnEhCIP4p0L/br31YKxbmrBO8kzsiOYp/nlj5dVCDW.js]
[framerusercontent.com/modules/AeuGAyTyFzN7F1ihK8KT/ywpFIwXZSnZSTZ965IGJ/w9NdH15DJ.js]
[framerusercontent.com/modules/tdNPOr3HnhlMX0LZMh3j/TZhQvovdGHSMOrKi83ub/G7Fu18NBk.js]
[framerusercontent.com/modules/qfApdfi9dRw1baho9h4o/HmfIiiUnVAe0Wj8VLEpK/vSD_KZGr5.js]
[framerusercontent.com/modules/iFMUEyUzD4XjBHSpv5i9/8kvXd1AS1jxnMpCVamnk/qN4_lWUay.js]
[framerusercontent.com/modules/VJk6nvyA8bzvtbnLTL9z/oChpJas0h41gCbt42Hgz/Np1jWTfDK.js]
[framerusercontent.com/modules/UkCrlHLVZ4OR5IpCF0hd/a4A3V7dFlzo2erEmWcad/ahDUKJ6Ux.js]
[framerusercontent.com/modules/PFSvb08pn8UHN77Qv6xd/8d4VUfBSFrWLzRPcNqDf/pyPTMNx0M.js]
[framerusercontent.com/modules/dftYO5TwQSZaDBtamw8b/Vn1Qeo8ckIOahuwF4IRT/jowc4aiay.js]
[framerusercontent.com/modules/rXSC07CXsTIcUGrMwkjv/UgMy3gWINAUw79fWk4BQ/Ddid3orI7.js]
[framerusercontent.com/modules/3LPoltjozKkwERModxOo/G3gfPRoFIoIK6zRQqzKZ/a0hzPi1il.js]
[framerusercontent.com/modules/wcCL1VlNRNaSw5HND4f2/QRtdvnuaXkvGc04KSlAo/bDSFc0yxr.js]
[smooth-members-796353.framer.app/blueai.html]
[framerusercontent.com/modules/xR57Q1fSCh9AatEJUaxw/aWhOdFhUr4biL7Fk7vCM/sEVA_8ZAK.js]
[framerusercontent.com/images/3FVey15F2VbEp0eHZyFVutZXkRo.png]
[framerusercontent.com/images/rCsiwJsClVLbBVoHNefkCWEzeSU.png]
[smooth-members-796353.framer.app/pricing.html]
[smooth-members-796353.framer.app/download.html]
[smooth-members-796353.framer.app/faq.html]
[smooth-members-796353.framer.app/contact.html]
[smooth-members-796353.framer.app/sign-in.html]
[smooth-members-796353.framer.app/types/cafe.html]
[smooth-members-796353.framer.app/types/ìí-ì£¼ì ì.html]
[smooth-members-796353.framer.app/types/carwash.html]
[smooth-members-796353.framer.app/types/studycafe.html]
[smooth-members-796353.framer.app/types/printer.html]
[smooth-members-796353.framer.app/types/icecream.html]
[smooth-members-796353.framer.app/types/laundromat.html]
[smooth-members-796353.framer.app/types/convenience.html]
[smooth-members-796353.framer.app/types/studio.html]
[smooth-members-796353.framer.app/types/ect.html]
[smooth-members-796353.framer.app/console.html]
[smooth-members-796353.framer.app/changelog.html]
[framerusercontent.com/images/3FVey15F2VbEp0eHZyFVutZXkRo8720.png]
[smooth-members-796353.framer.app/terms-of-service.html]
[smooth-members-796353.framer.app/privacy-policy.html]
[smooth-members-796353.framer.app/vision-policy.html]
[smooth-members-796353.framer.app/user-rights.html]
